<?xml version="1.0"?>
<testsuites>
  <testsuite name="Chrome 35.0.1916 (Mac OS X 10.9.3)" package="" timestamp="2014-07-09T20:03:12" id="0" hostname="Robs-MacBook-Pro.local" tests="1" errors="0" failures="0" time="0.003">
    <properties>
      <property name="browser.fullName" value="Mozilla/5.0 (Macintosh; Intel Mac OS X 10_9_3) AppleWebKit/537.36 (KHTML, like Gecko) Chrome/35.0.1916.153 Safari/537.36"/>
    </properties>
    <testcase name="should do something" time="0.003" classname="Chrome 35.0.1916 (Mac OS X 10.9.3).#add"/>
    <system-out><![CDATA[
]]></system-out>
    <system-err/>
  </testsuite>
</testsuites>
